// Jest Snapshot v1, https://goo.gl/fbAQLP

exports[`ValidationErrorsNotification component story renders match snapshots: default 1`] = `
<QuestionBox
  additionalClasses={
    Array [
      "errorBox",
    ]
  }
  hasError={true}
  inputFields={
    Array [
      <div
        className="validationErrors"
      >
        <i
          className="fas fa-exclamation-circle"
        />
        Form contains validation errors
      </div>,
    ]
  }
/>
`;
